#0 building with "colima" instance using docker driver

#1 [internal] load build definition from Dockerfile
#1 transferring dockerfile: 415B done
#1 DONE 0.0s

#2 [internal] load metadata for docker.io/library/python:3.11-slim-bookworm
#2 DONE 0.0s

#3 [internal] load .dockerignore
#3 transferring context: 156B done
#3 DONE 0.0s

#4 [1/7] FROM docker.io/library/python:3.11-slim-bookworm@sha256:6deb1a41549a4ec01d5356d8c34ce345ba8af07aa8b6670b8d01647788daeba5
#4 resolve docker.io/library/python:3.11-slim-bookworm@sha256:6deb1a41549a4ec01d5356d8c34ce345ba8af07aa8b6670b8d01647788daeba5 done
#4 DONE 0.0s

#5 [internal] load build context
#5 transferring context: 200.88kB 0.0s done
#5 DONE 0.0s

#6 [2/7] WORKDIR /opt/cumcm
#6 CACHED

#7 [3/7] COPY pyproject.toml ./
#7 CACHED

#8 [4/7] COPY cumcm_harness ./cumcm_harness
#8 DONE 0.0s

#9 [5/7] COPY vendor/mosaic_v14 ./vendor/mosaic_v14
#9 DONE 0.0s

#10 [6/7] COPY vendor/MANIFEST.json ./vendor/MANIFEST.json
#10 DONE 0.0s

#11 [7/7] RUN pip install --no-cache-dir -e . && chmod -R a+rX /opt/cumcm
#11 0.905 Obtaining file:///opt/cumcm
#11 0.906   Installing build dependencies: started
#11 20.39   Installing build dependencies: finished with status 'done'
#11 20.39   Checking if build backend supports build_editable: started
#11 20.44   Checking if build backend supports build_editable: finished with status 'done'
#11 20.45   Getting requirements to build editable: started
#11 20.52   Getting requirements to build editable: finished with status 'done'
#11 20.52   Preparing editable metadata (pyproject.toml): started
#11 20.58   Preparing editable metadata (pyproject.toml): finished with status 'done'
#11 21.32 Collecting numpy<2.4,>=2.3 (from cumcm-egoharness==0.3.0)
#11 21.72   Downloading numpy-2.3.5-cp311-cp311-manylinux_2_27_aarch64.manylinux_2_28_aarch64.whl.metadata (62 kB)
#11 22.14      ━━━━━━━━━━━━━━━━━━━━━━━━━━━━━━━━━━━━━━━ 62.1/62.1 kB 128.0 kB/s eta 0:00:00
#11 22.38 Collecting scipy<1.18,>=1.17 (from cumcm-egoharness==0.3.0)
#11 22.66   Downloading scipy-1.17.1-cp311-cp311-manylinux_2_27_aarch64.manylinux_2_28_aarch64.whl.metadata (62 kB)
#11 22.94      ━━━━━━━━━━━━━━━━━━━━━━━━━━━━━━━━━━━━━━━ 62.1/62.1 kB 213.0 kB/s eta 0:00:00
#11 23.08 Collecting jsonschema<5,>=4.23 (from cumcm-egoharness==0.3.0)
#11 23.20   Downloading jsonschema-4.26.0-py3-none-any.whl.metadata (7.6 kB)
#11 23.37 Collecting PyYAML<7,>=6 (from cumcm-egoharness==0.3.0)
#11 23.50   Downloading pyyaml-6.0.3-cp311-cp311-manylinux2014_aarch64.manylinux_2_17_aarch64.manylinux_2_28_aarch64.whl.metadata (2.4 kB)
#11 23.70 Collecting matplotlib<4,>=3.10 (from cumcm-egoharness==0.3.0)
#11 23.82   Downloading matplotlib-3.11.1-cp311-cp311-manylinux_2_26_aarch64.manylinux_2_28_aarch64.whl.metadata (80 kB)
#11 24.46      ━━━━━━━━━━━━━━━━━━━━━━━━━━━━━━━━━━━━━━━ 80.3/80.3 kB 166.9 kB/s eta 0:00:00
#11 24.61 Collecting pypdf>=5 (from cumcm-egoharness==0.3.0)
#11 24.74   Downloading pypdf-6.18.0-py3-none-any.whl.metadata (7.5 kB)
#11 25.03 Collecting Pillow>=11 (from cumcm-egoharness==0.3.0)
#11 25.15   Downloading pillow-12.3.0-cp311-cp311-manylinux_2_27_aarch64.manylinux_2_28_aarch64.whl.metadata (9.1 kB)
#11 25.61 Collecting numba<0.66,>=0.65 (from cumcm-egoharness==0.3.0)
#11 25.94   Downloading numba-0.65.1-cp311-cp311-manylinux_2_27_aarch64.manylinux_2_28_aarch64.whl.metadata (2.9 kB)
#11 26.10 Collecting scikit-learn<1.9,>=1.8 (from cumcm-egoharness==0.3.0)
#11 26.23   Downloading scikit_learn-1.8.0-cp311-cp311-manylinux_2_27_aarch64.manylinux_2_28_aarch64.whl.metadata (11 kB)
#11 26.75 Collecting pandas<3,>=2.2 (from cumcm-egoharness==0.3.0)
#11 27.03   Downloading pandas-2.3.3-cp311-cp311-manylinux_2_24_aarch64.manylinux_2_28_aarch64.whl.metadata (91 kB)
#11 30.53      ━━━━━━━━━━━━━━━━━━━━━━━━━━━━━━━━━━━━━━━━ 91.2/91.2 kB 26.0 kB/s eta 0:00:00
#11 30.82 Collecting lxml>=5 (from cumcm-egoharness==0.3.0)
#11 30.95   Downloading lxml-6.1.3-cp311-cp311-manylinux_2_26_aarch64.manylinux_2_28_aarch64.whl.metadata (3.3 kB)
#11 31.59 Collecting PyMuPDF<2,>=1.26 (from cumcm-egoharness==0.3.0)
#11 31.72   Downloading pymupdf-1.28.2-cp310-abi3-manylinux_2_28_aarch64.whl.metadata (26 kB)
#11 33.17 Collecting attrs>=22.2.0 (from jsonschema<5,>=4.23->cumcm-egoharness==0.3.0)
#11 33.35   Downloading attrs-26.1.0-py3-none-any.whl.metadata (8.8 kB)
#11 33.88 Collecting jsonschema-specifications>=2023.03.6 (from jsonschema<5,>=4.23->cumcm-egoharness==0.3.0)
#11 34.06   Downloading jsonschema_specifications-2025.9.1-py3-none-any.whl.metadata (2.9 kB)
#11 34.28 Collecting referencing>=0.28.4 (from jsonschema<5,>=4.23->cumcm-egoharness==0.3.0)
#11 34.46   Downloading referencing-0.37.0-py3-none-any.whl.metadata (2.8 kB)
#11 34.89 Collecting rpds-py>=0.25.0 (from jsonschema<5,>=4.23->cumcm-egoharness==0.3.0)
#11 35.09   Downloading rpds_py-2026.6.3-cp311-cp311-manylinux_2_17_aarch64.manylinux2014_aarch64.whl.metadata (4.1 kB)
#11 35.49 Collecting contourpy>=1.0.1 (from matplotlib<4,>=3.10->cumcm-egoharness==0.3.0)
#11 35.63   Downloading contourpy-1.3.3-cp311-cp311-manylinux_2_26_aarch64.manylinux_2_28_aarch64.whl.metadata (5.5 kB)
#11 35.90 Collecting cycler>=0.10 (from matplotlib<4,>=3.10->cumcm-egoharness==0.3.0)
#11 36.04   Downloading cycler-0.12.1-py3-none-any.whl.metadata (3.8 kB)
#11 36.46 Collecting fonttools>=4.28.2 (from matplotlib<4,>=3.10->cumcm-egoharness==0.3.0)
#11 36.60   Downloading fonttools-4.64.0-cp311-cp311-manylinux2014_aarch64.manylinux_2_17_aarch64.manylinux_2_28_aarch64.whl.metadata (123 kB)
#11 41.82      ━━━━━━━━━━━━━━━━━━━━━━━━━━━━━━━━━━━━━━ 123.6/123.6 kB 25.2 kB/s eta 0:00:00
#11 41.99 Collecting kiwisolver>=1.3.1 (from matplotlib<4,>=3.10->cumcm-egoharness==0.3.0)
#11 42.13   Downloading kiwisolver-1.5.1-cp311-cp311-manylinux_2_24_aarch64.manylinux_2_28_aarch64.whl.metadata (5.2 kB)
#11 42.30 Requirement already satisfied: packaging>=20.0 in /usr/local/lib/python3.11/site-packages (from matplotlib<4,>=3.10->cumcm-egoharness==0.3.0) (26.3)
#11 42.44 Collecting pyparsing>=3 (from matplotlib<4,>=3.10->cumcm-egoharness==0.3.0)
#11 42.58   Downloading pyparsing-3.3.2-py3-none-any.whl.metadata (5.8 kB)
#11 42.84 Collecting python-dateutil>=2.7 (from matplotlib<4,>=3.10->cumcm-egoharness==0.3.0)
#11 42.97   Downloading python_dateutil-2.9.0.post0-py2.py3-none-any.whl.metadata (8.4 kB)
#11 43.34 Collecting llvmlite<0.48,>=0.47.0dev0 (from numba<0.66,>=0.65->cumcm-egoharness==0.3.0)
#11 43.66   Downloading llvmlite-0.47.0-cp311-cp311-manylinux_2_27_aarch64.manylinux_2_28_aarch64.whl.metadata (5.0 kB)
#11 43.97 Collecting pytz>=2020.1 (from pandas<3,>=2.2->cumcm-egoharness==0.3.0)
#11 44.28   Downloading pytz-2026.3.post1-py2.py3-none-any.whl.metadata (22 kB)
#11 45.33 Collecting tzdata>=2022.7 (from pandas<3,>=2.2->cumcm-egoharness==0.3.0)
#11 45.51   Downloading tzdata-2026.3-py2.py3-none-any.whl.metadata (1.4 kB)
#11 45.90 Collecting joblib>=1.3.0 (from scikit-learn<1.9,>=1.8->cumcm-egoharness==0.3.0)
#11 46.04   Downloading joblib-1.6.0-py3-none-any.whl.metadata (6.5 kB)
#11 46.44 Collecting threadpoolctl>=3.2.0 (from scikit-learn<1.9,>=1.8->cumcm-egoharness==0.3.0)
#11 46.58   Downloading threadpoolctl-3.6.0-py3-none-any.whl.metadata (13 kB)
#11 47.12 Collecting cloudpickle>=3.0 (from joblib>=1.3.0->scikit-learn<1.9,>=1.8->cumcm-egoharness==0.3.0)
#11 47.27   Downloading cloudpickle-3.1.2-py3-none-any.whl.metadata (7.1 kB)
#11 47.61 Collecting six>=1.5 (from python-dateutil>=2.7->matplotlib<4,>=3.10->cumcm-egoharness==0.3.0)
#11 47.75   Downloading six-1.17.0-py2.py3-none-any.whl.metadata (1.7 kB)
#11 48.35 Collecting typing-extensions>=4.4.0 (from referencing>=0.28.4->jsonschema<5,>=4.23->cumcm-egoharness==0.3.0)
#11 48.49   Downloading typing_extensions-4.16.0-py3-none-any.whl.metadata (3.3 kB)
#11 48.79 Downloading jsonschema-4.26.0-py3-none-any.whl (90 kB)
#11 52.48    ━━━━━━━━━━━━━━━━━━━━━━━━━━━━━━━━━━━━━━━━ 90.6/90.6 kB 24.7 kB/s eta 0:00:00
#11 52.63 Downloading lxml-6.1.3-cp311-cp311-manylinux_2_26_aarch64.manylinux_2_28_aarch64.whl (5.0 MB)
#11 227.4    ━━━━━━━━━━━━━━━━━━━━━━━━━━━━━━━━━━━━━━━━ 5.0/5.0 MB 26.7 kB/s eta 0:00:00
#11 227.5 Downloading matplotlib-3.11.1-cp311-cp311-manylinux_2_26_aarch64.manylinux_2_28_aarch64.whl (10.8 MB)
#11 CANCELED
ERROR: failed to build: failed to solve: Canceled: context canceled
